[C:/Users/Администратор/Downloads/Гарант/backblue.gif]
[C:/Users/Администратор/Downloads/Гарант/fade.gif]
[C:/Users/Администратор/Downloads/Гарант/index.html]
[C:/Users/Администратор/Downloads/Гарант/linker-grand.pro/plugins/search/js/hl.min.js]
[C:/Users/Администратор/Downloads/Гарант/linker-grand.pro/plugins/locationselector/js/locationselector.js]
[C:/Users/Администратор/Downloads/Гарант/linker-grand.pro/favicon.ico]
[C:/Users/Администратор/Downloads/Гарант/linker-grand.pro/apple-touch-icon.png]
[C:/Users/Администратор/Downloads/Гарант/linker-grand.pro/plugins/genderavatar/img/u.png]
[C:/Users/Администратор/Downloads/Гарант/linker-grand.pro/index.html]
[C:/Users/Администратор/Downloads/Гарант/linker-grand.pro/index-2.html]
[C:/Users/Администратор/Downloads/Гарант/linker-grand.pro/index5735.html]
[C:/Users/Администратор/Downloads/Гарант/linker-grand.pro/login.html]
[C:/Users/Администратор/Downloads/Гарант/linker-grand.pro/index0754.html]
[C:/Users/Администратор/Downloads/Гарант/linker-grand.pro/indexd084.html]
[C:/Users/Администратор/Downloads/Гарант/linker-grand.pro/messagebec1.html]
[C:/Users/Администратор/Downloads/Гарант/linker-grand.pro/indexf15c.html]
[C:/Users/Администратор/Downloads/Гарант/linker-grand.pro/index6c03.html]
[C:/Users/Администратор/Downloads/Гарант/linker-grand.pro/indexe999.html]
[C:/Users/Администратор/Downloads/Гарант/linker-grand.pro/indexa79d.html]
[C:/Users/Администратор/Downloads/Гарант/linker-grand.pro/messageeddb.html]
[C:/Users/Администратор/Downloads/Гарант/linker-grand.pro/index49d6.html]
[C:/Users/Администратор/Downloads/Гарант/linker-grand.pro/indexb64d.html]
[C:/Users/Администратор/Downloads/Гарант/linker-grand.pro/index2f77.html]
[C:/Users/Администратор/Downloads/Гарант/linker-grand.pro/index2c2d.html]
[C:/Users/Администратор/Downloads/Гарант/linker-grand.pro/indexe2d0.html]
[C:/Users/Администратор/Downloads/Гарант/linker-grand.pro/indexb8db.html]
[C:/Users/Администратор/Downloads/Гарант/linker-grand.pro/index8251.html]
[C:/Users/Администратор/Downloads/Гарант/linker-grand.pro/index7707.html]
[C:/Users/Администратор/Downloads/Гарант/linker-grand.pro/indexb489.html]
[C:/Users/Администратор/Downloads/Гарант/linker-grand.pro/indexcabc.html]
[C:/Users/Администратор/Downloads/Гарант/linker-grand.pro/index751b.html]
[C:/Users/Администратор/Downloads/Гарант/linker-grand.pro/indexa11d.html]
[C:/Users/Администратор/Downloads/Гарант/linker-grand.pro/index167b.html]
[C:/Users/Администратор/Downloads/Гарант/linker-grand.pro/loginc418.html]
[C:/Users/Администратор/Downloads/Гарант/linker-grand.pro/plugins/genderavatar/img/m.png]
[C:/Users/Администратор/Downloads/Гарант/linker-grand.pro/index0375.html]
[C:/Users/Администратор/Downloads/Гарант/linker-grand.pro/indexca66.html]
[C:/Users/Администратор/Downloads/Гарант/linker-grand.pro/index831d.html]
[C:/Users/Администратор/Downloads/Гарант/linker-grand.pro/index1a5b.html]
[C:/Users/Администратор/Downloads/Гарант/linker-grand.pro/indexdf55.html]
[C:/Users/Администратор/Downloads/Гарант/linker-grand.pro/login52f5.html]
[C:/Users/Администратор/Downloads/Гарант/linker-grand.pro/index60a0.html]
[C:/Users/Администратор/Downloads/Гарант/linker-grand.pro/indexddf3.html]
[C:/Users/Администратор/Downloads/Гарант/linker-grand.pro/indexa288.html]
[C:/Users/Администратор/Downloads/Гарант/linker-grand.pro/index7b76.html]
[C:/Users/Администратор/Downloads/Гарант/linker-grand.pro/indexccf0.html]
[C:/Users/Администратор/Downloads/Гарант/linker-grand.pro/indexfe03.html]
[C:/Users/Администратор/Downloads/Гарант/linker-grand.pro/indexfaa0.html]
[C:/Users/Администратор/Downloads/Гарант/linker-grand.pro/index479a.html]
[C:/Users/Администратор/Downloads/Гарант/linker-grand.pro/indexaf02.html]
[C:/Users/Администратор/Downloads/Гарант/linker-grand.pro/indexd403.html]
[C:/Users/Администратор/Downloads/Гарант/linker-grand.pro/indexcded.html]
[C:/Users/Администратор/Downloads/Гарант/linker-grand.pro/indexf0ba.html]
[C:/Users/Администратор/Downloads/Гарант/linker-grand.pro/indexcd68.html]
[C:/Users/Администратор/Downloads/Гарант/linker-grand.pro/index879c.html]
[C:/Users/Администратор/Downloads/Гарант/linker-grand.pro/indexcacf.html]
[C:/Users/Администратор/Downloads/Гарант/linker-grand.pro/index3128.html]
[C:/Users/Администратор/Downloads/Гарант/linker-grand.pro/indexb104.html]
[C:/Users/Администратор/Downloads/Гарант/linker-grand.pro/indexd4a4.html]
[C:/Users/Администратор/Downloads/Гарант/linker-grand.pro/indexdfcf.html]
[C:/Users/Администратор/Downloads/Гарант/linker-grand.pro/index3b38.html]
[C:/Users/Администратор/Downloads/Гарант/linker-grand.pro/index4979.html]
[C:/Users/Администратор/Downloads/Гарант/linker-grand.pro/indexf269.html]
[C:/Users/Администратор/Downloads/Гарант/linker-grand.pro/index714e.html]
[C:/Users/Администратор/Downloads/Гарант/linker-grand.pro/indexa7a2.html]
[C:/Users/Администратор/Downloads/Гарант/linker-grand.pro/index92a5.html]
[C:/Users/Администратор/Downloads/Гарант/linker-grand.pro/indexcf60.html]
[C:/Users/Администратор/Downloads/Гарант/linker-grand.pro/indexbed1.html]
[C:/Users/Администратор/Downloads/Гарант/linker-grand.pro/index23f1.html]
[C:/Users/Администратор/Downloads/Гарант/linker-grand.pro/index2a0c.html]
[C:/Users/Администратор/Downloads/Гарант/linker-grand.pro/index55b6.html]
[C:/Users/Администратор/Downloads/Гарант/linker-grand.pro/indexc6be.html]
[C:/Users/Администратор/Downloads/Гарант/linker-grand.pro/indexc53f.html]
[C:/Users/Администратор/Downloads/Гарант/linker-grand.pro/indexb90c.html]
[C:/Users/Администратор/Downloads/Гарант/linker-grand.pro/index3267.html]
[C:/Users/Администратор/Downloads/Гарант/linker-grand.pro/index93e5.html]
[C:/Users/Администратор/Downloads/Гарант/linker-grand.pro/indexe66d.html]
[C:/Users/Администратор/Downloads/Гарант/linker-grand.pro/index760b.html]
[C:/Users/Администратор/Downloads/Гарант/linker-grand.pro/indexf457.html]
[C:/Users/Администратор/Downloads/Гарант/linker-grand.pro/index5053.html]
[C:/Users/Администратор/Downloads/Гарант/linker-grand.pro/index18b6.html]
[C:/Users/Администратор/Downloads/Гарант/linker-grand.pro/index8abe.html]
[C:/Users/Администратор/Downloads/Гарант/linker-grand.pro/index83e3.html]
[C:/Users/Администратор/Downloads/Гарант/linker-grand.pro/index9bb7.html]
[C:/Users/Администратор/Downloads/Гарант/linker-grand.pro/index6c79.html]
[C:/Users/Администратор/Downloads/Гарант/linker-grand.pro/index86ae.html]
[C:/Users/Администратор/Downloads/Гарант/linker-grand.pro/indexaf2d.html]
[C:/Users/Администратор/Downloads/Гарант/linker-grand.pro/index4f7e.html]
[C:/Users/Администратор/Downloads/Гарант/linker-grand.pro/index6993.html]
[C:/Users/Администратор/Downloads/Гарант/linker-grand.pro/index0210.html]
[C:/Users/Администратор/Downloads/Гарант/linker-grand.pro/index2ba3.html]
[C:/Users/Администратор/Downloads/Гарант/linker-grand.pro/index3315.html]
[C:/Users/Администратор/Downloads/Гарант/linker-grand.pro/indexd815.html]
[C:/Users/Администратор/Downloads/Гарант/linker-grand.pro/index61a3.html]
[C:/Users/Администратор/Downloads/Гарант/linker-grand.pro/indexd702.html]
[C:/Users/Администратор/Downloads/Гарант/linker-grand.pro/index4112.html]
[C:/Users/Администратор/Downloads/Гарант/linker-grand.pro/index886c.html]
[C:/Users/Администратор/Downloads/Гарант/linker-grand.pro/index8a4d.html]
[C:/Users/Администратор/Downloads/Гарант/linker-grand.pro/index8e93.html]
[C:/Users/Администратор/Downloads/Гарант/linker-grand.pro/indexf15a.html]
[C:/Users/Администратор/Downloads/Гарант/linker-grand.pro/indexfc11.html]
[C:/Users/Администратор/Downloads/Гарант/linker-grand.pro/indexceef.html]
[C:/Users/Администратор/Downloads/Гарант/linker-grand.pro/index3f47.html]
[C:/Users/Администратор/Downloads/Гарант/linker-grand.pro/indexb356.html]
[C:/Users/Администратор/Downloads/Гарант/linker-grand.pro/index84e5.html]
[C:/Users/Администратор/Downloads/Гарант/linker-grand.pro/indexc4af.html]
[C:/Users/Администратор/Downloads/Гарант/linker-grand.pro/indexb4d9.html]
[C:/Users/Администратор/Downloads/Гарант/linker-grand.pro/index48ad.html]
[C:/Users/Администратор/Downloads/Гарант/linker-grand.pro/indexdc13.html]
[C:/Users/Администратор/Downloads/Гарант/linker-grand.pro/indexff76.html]
[C:/Users/Администратор/Downloads/Гарант/linker-grand.pro/index53d9.html]
[C:/Users/Администратор/Downloads/Гарант/linker-grand.pro/index76ac.html]
[C:/Users/Администратор/Downloads/Гарант/linker-grand.pro/indexe287.html]
[C:/Users/Администратор/Downloads/Гарант/linker-grand.pro/indexe8af.html]
[C:/Users/Администратор/Downloads/Гарант/linker-grand.pro/index6f9b.html]
[C:/Users/Администратор/Downloads/Гарант/linker-grand.pro/index7c01.html]
[C:/Users/Администратор/Downloads/Гарант/linker-grand.pro/indexda70.html]
[C:/Users/Администратор/Downloads/Гарант/linker-grand.pro/index94cd.html]
[C:/Users/Администратор/Downloads/Гарант/linker-grand.pro/index827b.html]
[C:/Users/Администратор/Downloads/Гарант/linker-grand.pro/index2cef.html]
[C:/Users/Администратор/Downloads/Гарант/linker-grand.pro/indexa313.html]
[C:/Users/Администратор/Downloads/Гарант/linker-grand.pro/index5ccb.html]
[C:/Users/Администратор/Downloads/Гарант/linker-grand.pro/index29b1.html]
[C:/Users/Администратор/Downloads/Гарант/linker-grand.pro/indexc2f0.html]
[C:/Users/Администратор/Downloads/Гарант/linker-grand.pro/index5d25.html]
[C:/Users/Администратор/Downloads/Гарант/linker-grand.pro/index4176.html]
[C:/Users/Администратор/Downloads/Гарант/linker-grand.pro/index5b5e.html]
[C:/Users/Администратор/Downloads/Гарант/linker-grand.pro/index2882.html]
[C:/Users/Администратор/Downloads/Гарант/linker-grand.pro/index93d6.html]
[C:/Users/Администратор/Downloads/Гарант/linker-grand.pro/index6760.html]
[C:/Users/Администратор/Downloads/Гарант/linker-grand.pro/indexe3fa.html]
[C:/Users/Администратор/Downloads/Гарант/linker-grand.pro/index7076.html]
[C:/Users/Администратор/Downloads/Гарант/linker-grand.pro/index452d.html]
[C:/Users/Администратор/Downloads/Гарант/linker-grand.pro/indexe4ba.html]
[C:/Users/Администратор/Downloads/Гарант/linker-grand.pro/index255b.html]
[C:/Users/Администратор/Downloads/Гарант/linker-grand.pro/index9593.html]
[C:/Users/Администратор/Downloads/Гарант/linker-grand.pro/index84c1.html]
[C:/Users/Администратор/Downloads/Гарант/linker-grand.pro/indexf561.html]
[C:/Users/Администратор/Downloads/Гарант/linker-grand.pro/indexc3e0.html]
[C:/Users/Администратор/Downloads/Гарант/linker-grand.pro/indexbad1.html]
[C:/Users/Администратор/Downloads/Гарант/linker-grand.pro/index15ae.html]
[C:/Users/Администратор/Downloads/Гарант/linker-grand.pro/index8113.html]
[C:/Users/Администратор/Downloads/Гарант/linker-grand.pro/indexb1c7.html]
[C:/Users/Администратор/Downloads/Гарант/linker-grand.pro/index20a4.html]
[C:/Users/Администратор/Downloads/Гарант/linker-grand.pro/index8bf2.html]
[C:/Users/Администратор/Downloads/Гарант/linker-grand.pro/indexe556.html]
[C:/Users/Администратор/Downloads/Гарант/linker-grand.pro/index4d99.html]
